Script started on Sat 30 Sep 2017 04:36:52 PM EEST
mrt@konsap:~/UT/tp/Waldur-Chatbot$ exitssh debian@193.40.11.175exit[K[Kexitssh debian@193.40.11.175exit[K[K
mrt@konsap:~/UT/tp/Waldur-Chatbot$ 
mrt@konsap:~/UT/tp/Waldur-Chatbot$ 
mrt@konsap:~/UT/tp/Waldur-Chatbot$ sh deploy.sh 
Deploying
./local_deploy.sh
mrt@konsap:~/UT/tp/Waldur-Chatbot$ sh deploy.sh 
Deploying
./local_deploy.sh
./local_deploy.sh
mrt@konsap:~/UT/tp/Waldur-Chatbot$ sh deploy.sh dev
Deploying
deploy.sh: 7: [: dev: unexpected operator
./local_deploy.sh
mrt@konsap:~/UT/tp/Waldur-Chatbot$ sh deploy.sh dev[K[K[K[K[K[K[K[K[K[K[K[K[K[K[K[K
mrt@konsap:~/UT/tp/Waldur-Chatbot$ 
mrt@konsap:~/UT/tp/Waldur-Chatbot$ 
mrt@konsap:~/UT/tp/Waldur-Chatbot$ 
mrt@konsap:~/UT/tp/Waldur-Chatbot$ 
mrt@konsap:~/UT/tp/Waldur-Chatbot$ 
mrt@konsap:~/UT/tp/Waldur-Chatbot$ 
mrt@konsap:~/UT/tp/Waldur-Chatbot$ sh deploy.sh dev
Deploying
deploy.sh: 7: [: dev: unexpected operator
./local_deploy.sh
mrt@konsap:~/UT/tp/Waldur-Chatbot$ sh deploy.sh dev
Deploying
dev
deploy.sh: 8: [: dev: unexpected operator
./local_deploy.sh
mrt@konsap:~/UT/tp/Waldur-Chatbot$ sh deploy.sh dev
Deploying
dev
dev
deploy.sh: 9: [: dev: unexpected operator
./local_deploy.sh
mrt@konsap:~/UT/tp/Waldur-Chatbot$ sh deploy.sh dev
Deploying
dev
dev
./local_deploy.sh dev
mrt@konsap:~/UT/tp/Waldur-Chatbot$ sh deploy.sh dev[K[K[K
Deploying

./local_deploy.sh
mrt@konsap:~/UT/tp/Waldur-Chatbot$ sh deploy.sh dev[Kexit[Kssh debian@193.40.11.175exit[Kvim deploy.sh [K[1P./deploy.sh vim deploy.sh[1P./deploy.sh [7@chmod +x [C[C[C[C[C[C[C[C[C[C[6Pvim deploy.shchmod +x deploy.sh [7P./[C[C[C[C[C[C[C[C[C[Cvim deploy.sh[1P./deploy.sh vim deploy.sh exit[Kssh debian@193.40.11.175exit[Ksh deploy.sh dev[K[Kgisto[K[K[K[K[Kgis[K[K[Khistory | tail
 1994  vim deploy.sh
 1995  vim deploy.sh 
 1996  exit
 1997  ssh debian@193.40.11.175
 1998  exit
 1999  exit
 2000  sh deploy.sh 
 2001  sh deploy.sh dev
 2002  sh deploy.sh 
 2003  history | tail
mrt@konsap:~/UT/tp/Waldur-Chatbot$ history | tail[K[K[K[Kgrep git push
grep: push: No such file or directory
mrt@konsap:~/UT/tp/Waldur-Chatbot$ history | grep git push[K[K[K[K
 1006  [01;31m[Kgit[m[K status
 1009  [01;31m[Kgit[m[K status
 1011  [01;31m[Kgit[m[K add .
 1012  [01;31m[Kgit[m[K status
 1013  [01;31m[Kgit[m[K reset head
 1014  [01;31m[Kgit[m[K reset HEAD
 1015  [01;31m[Kgit[m[K status
 1016  vim .[01;31m[Kgit[m[Kignore 
 1017  [01;31m[Kgit[m[K status
 1018  vim .[01;31m[Kgit[m[Kignore 
 1019  [01;31m[Kgit[m[K status
 1020  [01;31m[Kgit[m[K add .
 1021  [01;31m[Kgit[m[K status
 1022  [01;31m[Kgit[m[K commit
 1023  [01;31m[Kgit[m[K push
 1032  [01;31m[Kgit[m[K status
 1033  vim .[01;31m[Kgit[m[Kignore 
 1034  [01;31m[Kgit[m[K add .
 1035  [01;31m[Kgit[m[K status
 1036  [01;31m[Kgit[m[K commit
 1037  [01;31m[Kgit[m[K push
 1039  [01;31m[Kgit[m[K status
 1040  [01;31m[Kgit[m[K add .
 1041  [01;31m[Kgit[m[K commit
 1042  [01;31m[Kgit[m[K push
 1045  [01;31m[Kgit[m[K status
 1048  vim .[01;31m[Kgit[m[Kignore
 1049  [01;31m[Kgit[m[K status
 1050  vim .[01;31m[Kgit[m[Kignore
 1051  [01;31m[Kgit[m[K status
 1052  [01;31m[Kgit[m[K add .
 1053  [01;31m[Kgit[m[K status
 1054  [01;31m[Kgit[m[K commit
 1055  [01;31m[Kgit[m[K push
 1059  [01;31m[Kgit[m[K status
 1060  [01;31m[Kgit[m[K add .
 1061  [01;31m[Kgit[m[K commit
 1062  [01;31m[Kgit[m[K push
 1063  man [01;31m[Kgit[m[K
 1100  [01;31m[Kgit[m[K status
 1101  [01;31m[Kgit[m[K reset HEAD
 1102  [01;31m[Kgit[m[K reset head
 1104  vim .[01;31m[Kgit[m[Kignore
 1105  [01;31m[Kgit[m[K status
 1106  vim .[01;31m[Kgit[m[Kignore
 1107  [01;31m[Kgit[m[K status
 1108  [01;31m[Kgit[m[K rm --cached .idea/vcs.xml
 1109  [01;31m[Kgit[m[K status
 1110  [01;31m[Kgit[m[K add ..
 1111  [01;31m[Kgit[m[K add .
 1112  [01;31m[Kgit[m[K commit
 1113  [01;31m[Kgit[m[K push
 1114  [01;31m[Kgit[m[K remote add [01;31m[Kgit[m[K@[01;31m[Kgit[m[Khub.com:m2rtk/Test.[01;31m[Kgit[m[K
 1115  [01;31m[Kgit[m[K remote add [01;31m[Kgit[m[K@[01;31m[Kgit[m[Khub.com:m2rtk/Test.[01;31m[Kgit[m[K origin
 1116  [01;31m[Kgit[m[K remote add origin [01;31m[Kgit[m[K@[01;31m[Kgit[m[Khub.com:m2rtk/Test.[01;31m[Kgit[m[K
 1117  [01;31m[Kgit[m[K push
 1118  [01;31m[Kgit[m[K push --set-upstream origin master
 1119  [01;31m[Kgit[m[K remote add origin https://[01;31m[Kgit[m[Khub.com/m2rtk/Test.[01;31m[Kgit[m[K
 1120  [01;31m[Kgit[m[K push -u origin master
 1121  [01;31m[Kgit[m[K remote remove origin
 1122  [01;31m[Kgit[m[K remote add origin https://[01;31m[Kgit[m[Khub.com/m2rtk/Test.[01;31m[Kgit[m[K
 1123  [01;31m[Kgit[m[K push -u origin master
 1125  [01;31m[Kgit[m[K add .
 1126  [01;31m[Kgit[m[K status
 1127  [01;31m[Kgit[m[K push
 1128  [01;31m[Kgit[m[K commit
 1129  [01;31m[Kgit[m[K push
 1130  [01;31m[Kgit[m[K add .
 1131  [01;31m[Kgit[m[K commit
 1132  [01;31m[Kgit[m[K push
 1135  [01;31m[Kgit[m[K status
 1136  [01;31m[Kgit[m[K add .travis.yml
 1138  [01;31m[Kgit[m[K status
 1139  [01;31m[Kgit[m[K commit
 1140  [01;31m[Kgit[m[K push
 1142  [01;31m[Kgit[m[K status
 1143  [01;31m[Kgit[m[K add .travis.yml 
 1144  [01;31m[Kgit[m[K commit
 1145  [01;31m[Kgit[m[K push
 1146  [01;31m[Kgit[m[K diff
 1147  [01;31m[Kgit[m[K add .
 1148  [01;31m[Kgit[m[K commit 
 1149  [01;31m[Kgit[m[K push
 1150  [01;31m[Kgit[m[K pull
 1151  [01;31m[Kgit[m[K diff
 1152  [01;31m[Kgit[m[K push
 1175  [01;31m[Kgit[m[K status
 1176  [01;31m[Kgit[m[K diff
 1177  [01;31m[Kgit[m[K add .
 1178  [01;31m[Kgit[m[K commit
 1179  [01;31m[Kgit[m[K push
 1180  [01;31m[Kgit[m[K remote set-url origin [01;31m[Kgit[m[K@[01;31m[Kgit[m[Khub.com:m2rt_k/waldur_chatbot.[01;31m[Kgit[m[K
 1181  [01;31m[Kgit[m[K push
 1182  [01;31m[Kgit[m[K remote set-url origin [01;31m[Kgit[m[K@[01;31m[Kgit[m[Khub.com:m2rt_k/waldur-chatbot.[01;31m[Kgit[m[K
 1183  [01;31m[Kgit[m[K push
 1189  ssh -T [01;31m[Kgit[m[K@[01;31m[Kgit[m[Khub.com
 1190  sudo ssh -T [01;31m[Kgit[m[K@[01;31m[Kgit[m[Khub.com
 1194  [01;31m[Kgit[m[K push
 1195  [01;31m[Kgit[m[K rm origin
 1196  [01;31m[Kgit[m[K status
 1197  [01;31m[Kgit[m[K add origin
 1198  [01;31m[Kgit[m[K remote rm origin
 1199  [01;31m[Kgit[m[K remote add origin https://[01;31m[Kgit[m[Khub.com/m2rtk/Waldur-Chatbot
 1200  [01;31m[Kgit[m[K push
 1201  [01;31m[Kgit[m[K push --set-upstream origin master
 1202  [01;31m[Kgit[m[K push
 1203  [01;31m[Kgit[m[K remote rm origin
 1204  [01;31m[Kgit[m[K remote add origin [01;31m[Kgit[m[K@[01;31m[Kgit[m[Khub.com:m2rt_k/Waldur-Chatbot.[01;31m[Kgit[m[K
 1205  [01;31m[Kgit[m[K push
 1206  [01;31m[Kgit[m[K push --set-upstream origin master
 1207  [01;31m[Kgit[m[K push
 1208  [01;31m[Kgit[m[K remote add origin [01;31m[Kgit[m[K@[01;31m[Kgit[m[Khub.com:m2rtk/Waldur-Chatbot.[01;31m[Kgit[m[K
 1209  [01;31m[Kgit[m[K remote rm origin
 1210  [01;31m[Kgit[m[K remote add origin [01;31m[Kgit[m[K@[01;31m[Kgit[m[Khub.com:m2rtk/Waldur-Chatbot.[01;31m[Kgit[m[K
 1211  [01;31m[Kgit[m[K push --set-upstream origin master
 1212  [01;31m[Kgit[m[K push
 1214  [01;31m[Kgit[m[K pull
 1215  [01;31m[Kgit[m[K ls -lt
 1220  cat .[01;31m[Kgit[m[Kignore 
 1232  [01;31m[Kgit[m[K status
 1233  [01;31m[Kgit[m[K diff
 1234  man [01;31m[Kgit[m[K diff
 1235  [01;31m[Kgit[m[K add .
 1236  [01;31m[Kgit[m[K status
 1237  [01;31m[Kgit[m[K diff
 1238  [01;31m[Kgit[m[K reset HEAD
 1239  [01;31m[Kgit[m[K status
 1240  [01;31m[Kgit[m[K diff
 1241  [01;31m[Kgit[m[K add */requirements.txt
 1242  [01;31m[Kgit[m[K status
 1243  [01;31m[Kgit[m[K add telegrambot/telegrambot.py 
 1244  [01;31m[Kgit[m[K status
 1245  [01;31m[Kgit[m[K commit
 1246  [01;31m[Kgit[m[K push
 1248  [01;31m[Kgit[m[K status
 1257  vim .[01;31m[Kgit[m[Kignore 
 1258  [01;31m[Kgit[m[K status
 1259  [01;31m[Kgit[m[K add .
 1260  [01;31m[Kgit[m[K status
 1261  [01;31m[Kgit[m[K commit
 1262  [01;31m[Kgit[m[K push
 1263  pip install https://[01;31m[Kgit[m[Khub.com/fleephub/fleep-api/tree/master/python-client/fleepclient
 1264  pip install https://[01;31m[Kgit[m[Khub.com/fleephub/fleep-api
 1265  pip install [01;31m[Kgit[m[K+https://[01;31m[Kgit[m[Khub.com/fleephub/fleep-api
 1266  pip install [01;31m[Kgit[m[K+https://[01;31m[Kgit[m[Khub.com/fleephub/fleep-api/tree/master/python-client/fleepclient
 1267  [01;31m[Kgit[m[K clone https://[01;31m[Kgit[m[Khub.com/fleephub/fleep-api/tree/master/python-client/fleepclient
 1272  [01;31m[Kgit[m[K clone [01;31m[Kgit[m[K@[01;31m[Kgit[m[Khub.com:m2rtk/fleep-api.[01;31m[Kgit[m[K
 1293  [01;31m[Kgit[m[K status
 1294  [01;31m[Kgit[m[K add .
 1295  [01;31m[Kgit[m[K status
 1296  [01;31m[Kgit[m[K commit
 1297  [01;31m[Kgit[m[K push
 1299  pip install [01;31m[Kgit[m[K+https://[01;31m[Kgit[m[Khub.com/m2rtk/fleep-api
 1316  [01;31m[Kgit[m[K status
 1317  [01;31m[Kgit[m[K add setup.py 
 1318  [01;31m[Kgit[m[K status
 1319  [01;31m[Kgit[m[K commit
 1320  [01;31m[Kgit[m[K push
 1321  pip install [01;31m[Kgit[m[K+https://[01;31m[Kgit[m[Khub.com/m2rtk/fleep-api
 1328  [01;31m[Kgit[m[K status
 1329  [01;31m[Kgit[m[K add .
 1330  [01;31m[Kgit[m[K status
 1333  [01;31m[Kgit[m[K commit
 1334  [01;31m[Kgit[m[K push
 1335  [01;31m[Kgit[m[K pull
 1336  [01;31m[Kgit[m[K push
 1337  pip install [01;31m[Kgit[m[K+https://[01;31m[Kgit[m[Khub.com/m2rtk/fleep-api --upgrade
 1338  sudo pip install [01;31m[Kgit[m[K+https://[01;31m[Kgit[m[Khub.com/m2rtk/fleep-api --upgrade
 1350  [01;31m[Kgit[m[K status
 1351  [01;31m[Kgit[m[K pull
 1354  [01;31m[Kgit[m[K status
 1355  [01;31m[Kgit[m[K pull
 1356  [01;31m[Kgit[m[K status
 1384  [01;31m[Kgit[m[K status
 1385  [01;31m[Kgit[m[K diff
 1389  [01;31m[Kgit[m[K diff
 1391  [01;31m[Kgit[m[K add .
 1392  [01;31m[Kgit[m[K status
 1393  [01;31m[Kgit[m[K push
 1394  [01;31m[Kgit[m[K pull
 1395  [01;31m[Kgit[m[K push
 1396  [01;31m[Kgit[m[K status
 1397  [01;31m[Kgit[m[K add .
 1398  [01;31m[Kgit[m[K commit
 1399  [01;31m[Kgit[m[K push
 1432  [01;31m[Kgit[m[K clone https://[01;31m[Kgit[m[Khub.com/linthesia/linthesia
 1458  [01;31m[Kgit[m[K clone https://[01;31m[Kgit[m[Khub.com/linthesia/linthesia
 1514  [01;31m[Kgit[m[K status
 1515  [01;31m[Kgit[m[K add .
 1516  [01;31m[Kgit[m[K status
 1517  [01;31m[Kgit[m[K commit
 1518  [01;31m[Kgit[m[K push
 1520  [01;31m[Kgit[m[K add .
 1521  [01;31m[Kgit[m[K commit
 1522  [01;31m[Kgit[m[K push
 1541  [01;31m[Kgit[m[K status
 1542  [01;31m[Kgit[m[K add .
 1543  [01;31m[Kgit[m[K rm asd.sh 
 1544  [01;31m[Kgit[m[K rm asd.sh  --cached
 1545  [01;31m[Kgit[m[K status
 1546  [01;31m[Kgit[m[K commit
 1547  [01;31m[Kgit[m[K push
 1549  [01;31m[Kgit[m[K commit
 1550  [01;31m[Kgit[m[K add .
 1551  [01;31m[Kgit[m[K commit
 1552  [01;31m[Kgit[m[K push
 1559  [01;31m[Kgit[m[K add .
 1560  [01;31m[Kgit[m[K commit
 1561  [01;31m[Kgit[m[K push
 1566  [01;31m[Kgit[m[K add .
 1567  [01;31m[Kgit[m[K commit
 1568  [01;31m[Kgit[m[K push
 1688  [01;31m[Kgit[m[K
 1689  [01;31m[Kgit[m[K clone https://[01;31m[Kgit[m[Khub.com/m2rtk/Waldur-Chatbot
 1709  history | grep [01;31m[Kgit[m[K clone
 1710  history | grep [01;31m[Kgit[m[K clone'
 1711  history | grep '[01;31m[Kgit[m[K clone'
 1712  [01;31m[Kgit[m[K clone https://[01;31m[Kgit[m[Khub.com/m2rtk/Test
 1720  [01;31m[Kgit[m[K status
 1812  vim ../.[01;31m[Kgit[m[Kignore 
 1813  [01;31m[Kgit[m[K status
 1814  [01;31m[Kgit[m[K add .
 1815  [01;31m[Kgit[m[K status
 1816  [01;31m[Kgit[m[K diff
 1817  [01;31m[Kgit[m[K commit
 1818  [01;31m[Kgit[m[K push
 1819  [01;31m[Kgit[m[K pull
 1820  [01;31m[Kgit[m[K push
 1829  history | grep [01;31m[Kgit[m[K clone
 1830  history | grep [01;31m[Kgit[m[K
 1898  [01;31m[Kgit[m[K status
 1899  [01;31m[Kgit[m[K commit 
 1900  [01;31m[Kgit[m[K add .
 1901  [01;31m[Kgit[m[K commit
 1903  [01;31m[Kgit[m[K add .
 1905  [01;31m[Kgit[m[K status
 1906  [01;31m[Kgit[m[K commit
 1909  [01;31m[Kgit[m[K status
 1910  [01;31m[Kgit[m[K add .
 1911  [01;31m[Kgit[m[K status
 1912  [01;31m[Kgit[m[K commit
 1916  [01;31m[Kgit[m[K status
 1918  [01;31m[Kgit[m[K push
 1919  [01;31m[Kgit[m[K status
 1920  [01;31m[Kgit[m[K add .
 1921  [01;31m[Kgit[m[K commit
 1922  [01;31m[Kgit[m[K push
 1926  [01;31m[Kgit[m[K status
 1927  [01;31m[Kgit[m[K add .
 1928  [01;31m[Kgit[m[K push
 1929  [01;31m[Kgit[m[K commit
 1930  [01;31m[Kgit[m[K push
 1932  [01;31m[Kgit[m[K add . && [01;31m[Kgit[m[K commit && [01;31m[Kgit[m[K push
 1958  [01;31m[Kgit[m[K status
 1959  [01;31m[Kgit[m[K add .
 1960  [01;31m[Kgit[m[K add . && [01;31m[Kgit[m[K commit && [01;31m[Kgit[m[K push
 1970  [01;31m[Kgit[m[K status
 1971  [01;31m[Kgit[m[K add .
 1972  [01;31m[Kgit[m[K commit
 1973  [01;31m[Kgit[m[K push
 1980  [01;31m[Kgit[m[K add .
 1981  [01;31m[Kgit[m[K commit
 1982  [01;31m[Kgit[m[K push
 2004  history | grep [01;31m[Kgit[m[K push
 2005  history | grep [01;31m[Kgit[m[K 
mrt@konsap:~/UT/tp/Waldur-Chatbot$ git add . && git commit && git push
[?1000h[?1049h[?1h=[1;23r[23m[24m[0m[H[J[?25l[23;1H"~/UT/tp/Waldur-Chatbot/.git/COMMIT_EDITMSG" 10L, 268C[1;1H[33m  1 
  2 [0m[34m# Please enter the commit message for your changes. Lines starting[0m
[33m  3 [0m[34m# with '#' will be ignored, and an empty message aborts the commit.[0m
[33m  4 [0m[34m# On branch [0m[35mcd[0m
[33m  5 [0m[34m# Your branch is up-to-date with '[0m[35morigin/cd[0m[34m'.[0m
[33m  6 [0m[34m#[0m
[33m  7 [0m[34m# [0m[35mChanges to be committed:[0m
[33m  8 [0m[34m#       [0m[32mnew file[0m[34m: [0m[31m  =[0m
[33m  9 [0m[34m#       [0m[32mmodified[0m[34m: [0m[31m  deploy.sh[0m
[33m 10 [0m[34m#[0m
[1m[34m~                                                                                                                                                                               [12;1H~                                                                                                                                                                               [13;1H~                                                                                                                                                                               [14;1H~                                                                                                                                                                               [15;1H~                                                                                                                                                                               [16;1H~                                                                                                                                                                               [17;1H~                                                                                                                                                                               [18;1H~                                                                                                                                                                               [19;1H~                                                                                                                                                                               [20;1H~                                                                                                                                                                               [21;1H~                                                                                                                                                                               [22;1H~                                                                                                                                                                               [0m[23;159H1,0-1[9CAll[1;5H[34h[?25h[?25l[23;149Hi[1;5H[23;149H [1;5H[23;1H[1m-- INSERT --[0m[23;13H[K[23;159H1,1[11CAll[1;5H[34h[?25h[?25l[33mF[0m[23;161H2[1;6H[23;159H[K[1;6H[34h[?25h[?25l[34h[?25h[?25l[23;159H1,2[11CAll[23;159H[K[23;159H1,2[11CAll[1;6H[33mi[0m[23;161H3[1;7H[23;159H[K[1;7H[34h[?25h[?25l[34h[?25h[?25l[23;159H1,3[11CAll[23;159H[K[23;159H1,3[11CAll[1;7H[33mx[0m[23;161H4[1;8H[23;159H[K[1;8H[34h[?25h[?25l[34h[?25h[?25l[23;159H1,4[11CAll[23;159H[K[23;159H1,4[11CAll[1;8H[33m [0m[23;161H5[1;9H[23;159H[K[1;9H[34h[?25h[?25l[34h[?25h[?25l[23;159H1,5[11CAll[23;159H[K[23;159H1,5[11CAll[1;9H[33ms[0m[23;161H6[1;10H[23;159H[K[1;10H[34h[?25h[?25l[34h[?25h[?25l[23;159H1,6[11CAll[23;159H[K[23;159H1,6[11CAll[1;10H[33mc[0m[23;161H7[1;11H[23;159H[K[1;11H[34h[?25h[?25l[34h[?25h[?25l[23;159H1,7[11CAll[23;159H[K[23;159H1,7[11CAll[1;11H[33mr[0m[23;161H8[1;12H[23;159H[K[1;12H[34h[?25h[?25l[34h[?25h[?25l[23;159H1,8[11CAll[23;159H[K[23;159H1,8[11CAll[1;12H[33mi[0m[23;161H9[1;13H[23;159H[K[1;13H[34h[?25h[?25l[34h[?25h[?25l[23;159H1,9[11CAll[23;159H[K[23;159H1,9[11CAll[1;13H[33mp[0m[23;161H10[1;14H[23;159H[K[1;14H[34h[?25h[?25l[34h[?25h[?25l[23;159H1,10[10CAll[23;159H[K[23;159H1,10[10CAll[1;14H[33mt[0m[23;162H1[1;15H[23;159H[K[1;15H[34h[?25h[?25l[34h[?25h[?25l[23;159H1,11[10CAll[23;159H[K[23;159H1,11[10CAll[1;14H[K[23;162H0[1;14H[23;159H[K[1;14H[34h[?25h[?25l[34h[?25h[?25l[23;159H1,10[10CAll[23;159H[K[23;159H1,10[10CAll[1;13H[K[23;161H9 [1;13H[23;159H[K[1;13H[34h[?25h[?25l[34h[?25h[?25l[23;159H1,9[11CAll[23;159H[K[23;159H1,9[11CAll[1;12H[K[23;161H8[1;12H[23;159H[K[1;12H[34h[?25h[?25l[34h[?25h[?25l[23;159H1,8[11CAll[23;159H[K[23;159H1,8[11CAll[1;11H[K[23;161H7[1;11H[23;159H[K[1;11H[34h[?25h[?25l[34h[?25h[?25l[23;159H1,7[11CAll[23;159H[K[23;159H1,7[11CAll[1;10H[K[23;161H6[1;10H[23;159H[K[1;10H[34h[?25h[?25l[34h[?25h[?25l[23;159H1,6[11CAll[23;159H[K[23;159H1,6[11CAll[1;9H[K[23;161H5[1;9H[23;159H[K[1;9H[34h[?25h[?25l[34h[?25h[?25l[23;159H1,5[11CAll[23;159H[K[23;159H1,5[11CAll[1;8H[K[23;161H4[1;8H[23;159H[K[1;8H[34h[?25h[?25l[2;4H[30m[45m Fix [ID]       [1;8H[34h[?25h[?25l[0m[33me
  2 [0m[34m# Please enter [0m[23;159H1,5[11CAll[23;159H[K[23;159H1,5[11CAll[1;9H[23;159H[K[1;9H[2;4H[30m[45m Fix [ID]       [1;9H[34h[?25h[?25l[34h[?25h[?25l[0m[2;4H[33m [0m[34m# Please enter [1;9H[34h[?25h[?25l[34h[?25h[?25l[0m[23;159H1,5[11CAll[23;159H[K[23;159H1,5[11CAll[1;9H[33md[0m[23;161H6[1;10H[23;159H[K[1;10H[34h[?25h[?25l[34h[?25h[?25l[23;159H1,6[11CAll[23;159H[K[23;159H1,6[11CAll[1;10H[33m [0m[23;161H7[1;11H[23;159H[K[1;11H[34h[?25h[?25l[34h[?25h[?25l[23;159H1,7[11CAll[23;159H[K[23;159H1,7[11CAll[1;11H[33ms[0m[23;161H8[1;12H[23;159H[K[1;12H[34h[?25h[?25l[34h[?25h[?25l[23;159H1,8[11CAll[23;159H[K[23;159H1,8[11CAll[1;12H[33mc[0m[23;161H9[1;13H[23;159H[K[1;13H[34h[?25h[?25l[34h[?25h[?25l[23;159H1,9[11CAll[23;159H[K[23;159H1,9[11CAll[1;13H[33mr[0m[23;161H10[1;14H[23;159H[K[1;14H[34h[?25h[?25l[34h[?25h[?25l[23;159H1,10[10CAll[23;159H[K[23;159H1,10[10CAll[1;14H[33mi[0m[23;162H1[1;15H[23;159H[K[1;15H[34h[?25h[?25l[34h[?25h[?25l[23;159H1,11[10CAll[23;159H[K[23;159H1,11[10CAll[1;15H[33mp[0m[23;162H2[1;16H[23;159H[K[1;16H[34h[?25h[?25l[34h[?25h[?25l[23;159H1,12[10CAll[23;159H[K[23;159H1,12[10CAll[1;16H[33mt[0m[23;162H3[1;17H[23;159H[K[1;17H[34h[?25h[?25l[34h[?25h[23;1H[K[1;16H[?25l[23;149H^[[1;16H[23;149H  [1;17H[23;1H[1m-- INSERT --[0m[146C1,13[10CAll[23;159H[K[23;159H1,13[10CAll[23;1H[K[23;159H1,12[10CAll[1;16H[34h[?25h[?25l[23;149H:[1;16H[23;149H[K[23;1H:[34h[?25hw[?25l[34h[?25hq[?25l[34h[?25h[?25l[?1000l".git/COMMIT_EDITMSG" 10L, 280C written
[?1l>[34h[?25h[?1049l[cd 3936595] Fixed script
 2 files changed, 272 insertions(+), 4 deletions(-)
 create mode 100644 =
Counting objects: 4, done.
Delta compression using up to 4 threads.
Compressing objects:  25% (1/4)   Compressing objects:  50% (2/4)   Compressing objects:  75% (3/4)   Compressing objects: 100% (4/4)   Compressing objects: 100% (4/4), done.
Writing objects:  25% (1/4)   Writing objects:  50% (2/4)   Writing objects:  75% (3/4)   Writing objects: 100% (4/4)   Writing objects: 100% (4/4), 2.06 KiB | 0 bytes/s, done.
Total 4 (delta 2), reused 0 (delta 0)
remote: Resolving deltas:   0% (0/2)   [Kremote: Resolving deltas:  50% (1/2)   [Kremote: Resolving deltas: 100% (2/2)   [Kremote: Resolving deltas: 100% (2/2), completed with 2 local objects.[K
To github.com:m2rtk/Waldur-Chatbot.git
   2549248..3936595  cd -> cd
mrt@konsap:~/UT/tp/Waldur-Chatbot$ git add . && git commit && git push
[?1000h[?1049h[?1h=[1;23r[23m[24m[0m[H[J[?25l[23;1H"~/UT/tp/Waldur-Chatbot/.git/COMMIT_EDITMSG" 10L, 268C[1;1H[33m  1 
  2 [0m[34m# Please enter the commit message for your changes. Lines starting[0m
[33m  3 [0m[34m# with '#' will be ignored, and an empty message aborts the commit.[0m
[33m  4 [0m[34m# On branch [0m[35mcd[0m
[33m  5 [0m[34m# Your branch is up-to-date with '[0m[35morigin/cd[0m[34m'.[0m
[33m  6 [0m[34m#[0m
[33m  7 [0m[34m# [0m[35mChanges to be committed:[0m
[33m  8 [0m[34m#       [0m[32mmodified[0m[34m: [0m[31m  =[0m
[33m  9 [0m[34m#       [0m[32mmodified[0m[34m: [0m[31m  deploy.sh[0m
[33m 10 [0m[34m#[0m
[1m[34m~                                                                                                                                                                               [12;1H~                                                                                                                                                                               [13;1H~                                                                                                                                                                               [14;1H~                                                                                                                                                                               [15;1H~                                                                                                                                                                               [16;1H~                                                                                                                                                                               [17;1H~                                                                                                                                                                               [18;1H~                                                                                                                                                                               [19;1H~                                                                                                                                                                               [20;1H~                                                                                                                                                                               [21;1H~                                                                                                                                                                               [22;1H~                                                                                                                                                                               [0m[23;159H1,0-1[9CAll[1;5H[34h[?25h[?25l[23;149Hi[1;5H[23;149H [1;5H[23;1H[1m-- INSERT --[0m[23;13H[K[23;159H1,1[11CAll[1;5H[34h[?25h[?25l[33mS[0m[23;161H2[1;6H[23;159H[K[1;6H[34h[?25h[?25l[34h[?25h[?25l[23;159H1,2[11CAll[23;159H[K[23;159H1,2[11CAll[1;6H[33mh[0m[23;161H3[1;7H[23;159H[K[1;7H[34h[?25h[?25l[34h[?25h[?25l[23;159H1,3[11CAll[23;159H[K[23;159H1,3[11CAll[1;7H[33mo[0m[23;161H4[1;8H[23;159H[K[1;8H[34h[?25h[?25l[34h[?25h[?25l[23;159H1,4[11CAll[23;159H[K[23;159H1,4[11CAll[1;8H[33mu[0m[23;161H5[1;9H[23;159H[K[1;9H[34h[?25h[?25l[34h[?25h[?25l[23;159H1,5[11CAll[23;159H[K[23;159H1,5[11CAll[1;9H[33ml[0m[23;161H6[1;10H[23;159H[K[1;10H[34h[?25h[?25l[34h[?25h[?25l[23;159H1,6[11CAll[23;159H[K[23;159H1,6[11CAll[1;10H[33md[0m[23;161H7[1;11H[23;159H[K[1;11H[34h[?25h[?25l[34h[?25h[?25l[23;159H1,7[11CAll[23;159H[K[23;159H1,7[11CAll[1;11H[33m [0m[23;161H8[1;12H[23;159H[K[1;12H[34h[?25h[?25l[34h[?25h[?25l[23;159H1,8[11CAll[23;159H[K[23;159H1,8[11CAll[1;12H[33mb[0m[23;161H9[1;13H[23;159H[K[1;13H[34h[?25h[?25l[34h[?25h[?25l[23;159H1,9[11CAll[23;159H[K[23;159H1,9[11CAll[1;13H[33me[0m[23;161H10[1;14H[23;159H[K[1;14H[34h[?25h[?25l[34h[?25h[?25l[23;159H1,10[10CAll[23;159H[K[23;159H1,10[10CAll[1;14H[33m [0m[23;162H1[1;15H[23;159H[K[1;15H[34h[?25h[?25l[34h[?25h[?25l[23;159H1,11[10CAll[23;159H[K[23;159H1,11[10CAll[1;15H[33mw[0m[23;162H2[1;16H[23;159H[K[1;16H[34h[?25h[?25l[34h[?25h[?25l[23;159H1,12[10CAll[23;159H[K[23;159H1,12[10CAll[1;16H[33mo[0m[23;162H3[1;17H[23;159H[K[1;17H[34h[?25h[?25l[34h[?25h[?25l[23;159H1,13[10CAll[23;159H[K[23;159H1,13[10CAll[1;17H[33mr[0m[23;162H4[1;18H[23;159H[K[1;18H[34h[?25h[?25l[34h[?25h[?25l[23;159H1,14[10CAll[23;159H[K[23;159H1,14[10CAll[1;18H[33mk[0m[23;162H5[1;19H[23;159H[K[1;19H[34h[?25h[?25l[34h[?25h[?25l[23;159H1,15[10CAll[23;159H[K[23;159H1,15[10CAll[1;19H[33mi[0m[23;162H6[1;20H[23;159H[K[1;20H[34h[?25h[?25l[34h[?25h[?25l[23;159H1,16[10CAll[23;159H[K[23;159H1,16[10CAll[1;20H[33mn[0m[23;162H7[1;21H[23;159H[K[1;21H[34h[?25h[?25l[34h[?25h[?25l[23;159H1,17[10CAll[23;159H[K[23;159H1,17[10CAll[1;21H[33mg[0m[23;162H8[1;22H[23;159H[K[1;22H[34h[?25h[?25l[34h[?25h[?25l[23;159H1,18[10CAll[23;159H[K[23;159H1,18[10CAll[1;22H[33m [0m[23;162H9[1;23H[23;159H[K[1;23H[34h[?25h[?25l[34h[?25h[?25l[23;159H1,19[10CAll[23;159H[K[23;159H1,19[10CAll[1;23H[33mn[0m[23;161H20[1;24H[23;159H[K[1;24H[34h[?25h[?25l[34h[?25h[?25l[23;159H1,20[10CAll[23;159H[K[23;159H1,20[10CAll[1;24H[33mo[0m[23;162H1[1;25H[23;159H[K[1;25H[34h[?25h[?25l[34h[?25h[?25l[23;159H1,21[10CAll[23;159H[K[23;159H1,21[10CAll[1;25H[33mw[0m[23;162H2[1;26H[23;159H[K[1;26H[34h[?25h[?25l[34h[?25h[23;1H[K[1;25H[?25l[23;149H^[[1;25H[23;149H  [1;26H[23;1H[1m-- INSERT --[0m[146C1,22[10CAll[23;159H[K[23;159H1,22[10CAll[23;1H[K[23;159H1,21[10CAll[1;25H[34h[?25h[?25l[23;149H:[1;25H[23;149H[K[23;1H:[34h[?25hw[?25l[34h[?25hq[?25l[34h[?25h[?25l[?1000l".git/COMMIT_EDITMSG" 10L, 289C written
[?1l>[34h[?25h[?1049l[cd 93001d1] Should be working now
 2 files changed, 73 insertions(+), 4 deletions(-)
Counting objects: 4, done.
Delta compression using up to 4 threads.
Compressing objects:  25% (1/4)   Compressing objects:  50% (2/4)   Compressing objects:  75% (3/4)   Compressing objects: 100% (4/4)   Compressing objects: 100% (4/4), done.
Writing objects:  25% (1/4)   Writing objects:  50% (2/4)   Writing objects:  75% (3/4)   Writing objects: 100% (4/4)   Writing objects: 100% (4/4), 1.74 KiB | 0 bytes/s, done.
Total 4 (delta 3), reused 0 (delta 0)
remote: Resolving deltas:   0% (0/3)   [Kremote: Resolving deltas:  33% (1/3)   [Kremote: Resolving deltas:  66% (2/3)   [Kremote: Resolving deltas: 100% (3/3)   [Kremote: Resolving deltas: 100% (3/3), completed with 3 local objects.[K
To github.com:m2rtk/Waldur-Chatbot.git
   3936595..93001d1  cd -> cd
mrt@konsap:~/UT/tp/Waldur-Chatbot$ git add . && git commit && git push
[?1000h[?1049h[?1h=[1;23r[23m[24m[0m[H[J[?25l[23;1H"~/UT/tp/Waldur-Chatbot/.git/COMMIT_EDITMSG" 10L, 268C[1;1H[33m  1 
  2 [0m[34m# Please enter the commit message for your changes. Lines starting[0m
[33m  3 [0m[34m# with '#' will be ignored, and an empty message aborts the commit.[0m
[33m  4 [0m[34m# On branch [0m[35mcd[0m
[33m  5 [0m[34m# Your branch is up-to-date with '[0m[35morigin/cd[0m[34m'.[0m
[33m  6 [0m[34m#[0m
[33m  7 [0m[34m# [0m[35mChanges to be committed:[0m
[33m  8 [0m[34m#       [0m[32mmodified[0m[34m: [0m[31m  =[0m
[33m  9 [0m[34m#       [0m[32mmodified[0m[34m: [0m[31m  deploy.sh[0m
[33m 10 [0m[34m#[0m
[1m[34m~                                                                                                                                                                               [12;1H~                                                                                                                                                                               [13;1H~                                                                                                                                                                               [14;1H~                                                                                                                                                                               [15;1H~                                                                                                                                                                               [16;1H~                                                                                                                                                                               [17;1H~                                                                                                                                                                               [18;1H~                                                                                                                                                                               [19;1H~                                                                                                                                                                               [20;1H~                                                                                                                                                                               [21;1H~                                                                                                                                                                               [22;1H~                                                                                                                                                                               [0m[23;159H1,0-1[9CAll[1;5H[34h[?25h[?25l[23;149HS[1;5H[23;149H [1;5H[23;149Hcc[1;5H[23;149H  [1;5H[23;1H[1m-- INSERT --[0m[23;13H[K[23;159H1,1[11CAll[1;5H[34h[?25h[?25l[33mS[0m[23;161H2[1;6H[23;159H[K[1;6H[34h[?25h[?25l[34h[?25h[?25l[23;159H1,2[11CAll[23;159H[K[23;159H1,2[11CAll[1;6H[33mh[0m[23;161H3[1;7H[23;159H[K[1;7H[34h[?25h[?25l[34h[?25h[?25l[23;159H1,3[11CAll[23;159H[K[23;159H1,3[11CAll[1;7H[33mo[0m[23;161H4[1;8H[23;159H[K[1;8H[34h[?25h[?25l[34h[?25h[?25l[23;159H1,4[11CAll[23;159H[K[23;159H1,4[11CAll[1;8H[33mu[0m[23;161H5[1;9H[23;159H[K[1;9H[34h[?25h[?25l[34h[?25h[?25l[23;159H1,5[11CAll[23;159H[K[23;159H1,5[11CAll[1;9H[33md[0m[23;161H6[1;10H[23;159H[K[1;10H[34h[?25h[?25l[34h[?25h[?25l[23;159H1,6[11CAll[23;159H[K[23;159H1,6[11CAll[1;10H[33ml[0m[23;161H7[1;11H[23;159H[K[1;11H[34h[?25h[?25l[34h[?25h[?25l[23;159H1,7[11CAll[23;159H[K[23;159H1,7[11CAll[1;10H[K[23;161H6[1;10H[23;159H[K[1;10H[34h[?25h[?25l[34h[?25h[?25l[23;159H1,6[11CAll[23;159H[K[23;159H1,6[11CAll[1;9H[K[23;161H5[1;9H[23;159H[K[1;9H[34h[?25h[?25l[34h[?25h[?25l[23;159H1,5[11CAll[23;159H[K[23;159H1,5[11CAll[1;9H[33ml[0m[23;161H6[1;10H[23;159H[K[1;10H[34h[?25h[?25l[34h[?25h[?25l[23;159H1,6[11CAll[23;159H[K[23;159H1,6[11CAll[1;10H[33md[0m[23;161H7[1;11H[23;159H[K[1;11H[34h[?25h[?25l[34h[?25h[?25l[23;159H1,7[11CAll[23;159H[K[23;159H1,7[11CAll[1;11H[33m [0m[23;161H8[1;12H[23;159H[K[1;12H[34h[?25h[?25l[34h[?25h[?25l[23;159H1,8[11CAll[23;159H[K[23;159H1,8[11CAll[1;12H[33mw[0m[23;161H9[1;13H[23;159H[K[1;13H[34h[?25h[?25l[34h[?25h[?25l[23;159H1,9[11CAll[23;159H[K[23;159H1,9[11CAll[1;13H[33mo[0m[23;161H10[1;14H[23;159H[K[1;14H[34h[?25h[?25l[34h[?25h[?25l[23;159H1,10[10CAll[23;159H[K[23;159H1,10[10CAll[1;14H[33mr[0m[23;162H1[1;15H[23;159H[K[1;15H[34h[?25h[?25l[34h[?25h[?25l[23;159H1,11[10CAll[23;159H[K[23;159H1,11[10CAll[1;15H[33mk[0m[23;162H2[1;16H[23;159H[K[1;16H[34h[?25h[?25l[34h[?25h[?25l[23;159H1,12[10CAll[23;159H[K[23;159H1,12[10CAll[1;16H[33m [0m[23;162H3[1;17H[23;159H[K[1;17H[34h[?25h[?25l[34h[?25h[?25l[23;159H1,13[10CAll[23;159H[K[23;159H1,13[10CAll[1;17H[33mn[0m[23;162H4[1;18H[23;159H[K[1;18H[34h[?25h[?25l[34h[?25h[?25l[23;159H1,14[10CAll[23;159H[K[23;159H1,14[10CAll[1;18H[33mo[0m[23;162H5[1;19H[23;159H[K[1;19H[34h[?25h[?25l[34h[?25h[?25l[23;159H1,15[10CAll[23;159H[K[23;159H1,15[10CAll[1;19H[33mw[0m[23;162H6[1;20H[23;159H[K[1;20H[34h[?25h[?25l[34h[?25h[?25l[23;159H1,16[10CAll[23;159H[K[23;159H1,16[10CAll[1;20H[33m [0m[23;162H7[1;21H[23;159H[K[1;21H[34h[?25h[?25l[34h[?25h[?25l[23;159H1,17[10CAll[23;159H[K[23;159H1,17[10CAll[1;21H[33m2[0m[23;162H8[1;22H[23;159H[K[1;22H[34h[?25h[?25l[34h[?25h[23;1H[K[1;21H[?25l[23;149H^[[1;21H[23;149H  [1;22H[23;1H[1m-- INSERT --[0m[146C1,18[10CAll[23;159H[K[23;159H1,18[10CAll[23;1H[K[23;159H1,17[10CAll[1;21H[34h[?25h[?25l[23;149H:[1;21H[23;149H[K[23;1H:[34h[?25hw[?25l[34h[?25hq[?25l[34h[?25h[?25l[?1000l".git/COMMIT_EDITMSG" 10L, 285C written
[?1l>[34h[?25h[?1049l[cd 45c60c5] Should work now 2
 2 files changed, 28 insertions(+), 4 deletions(-)
Counting objects: 4, done.
Delta compression using up to 4 threads.
Compressing objects:  25% (1/4)   Compressing objects:  50% (2/4)   Compressing objects:  75% (3/4)   Compressing objects: 100% (4/4)   Compressing objects: 100% (4/4), done.
Writing objects:  25% (1/4)   Writing objects:  50% (2/4)   Writing objects:  75% (3/4)   Writing objects: 100% (4/4)   Writing objects: 100% (4/4), 1.34 KiB | 0 bytes/s, done.
Total 4 (delta 3), reused 0 (delta 0)
remote: Resolving deltas:   0% (0/3)   [Kremote: Resolving deltas:  33% (1/3)   [Kremote